[
  {
    "type": "paragraph",
    "value": "<p>This is a description.</p>\n"
  },
  {
    "type": "paragraph",
    "value": "<h2>Example</h2>\n"
  },
  {
    "type": "code",
    "value": "<pre><code class=\"language-js\">function hello() {\n  console.log('Hi!');\n}\n</code></pre>\n"
  }
]