[
  {
    "type": "paragraph",
    "value": "This is a description. Line 1. Line 2. Line 3."
  },
  {
    "type": "paragraph",
    "value": "## Example"
  },
  {
    "type": "code",
    "value": "```js\nfunction hello() {\n  console.log('Hi!');\n}\n```"
  },
  {
    "type": "paragraph",
    "value": "Last line."
  }
]