[
  {
    "type": "paragraph",
    "value": "<p>This is a description. And this is more of it.</p>\n"
  },
  {
    "type": "param",
    "param": {
      "type": "Boolean",
      "name": "isAdditive",
      "description": "<p>Set to true to allow the dropdown to add in custom values. When <code>dropdownMode</code> is set to false, <code>isAdditive</code> is always true.</p>\n"
    }
  },
  {
    "type": "paragraph",
    "value": "<p>This is a second paragraph with two lines.</p>\n"
  }
]
