[
  {
    "type": "paragraph",
    "value": "<p>This is a description. And this is more of it.</p>\n"
  }
]
