[
  {
    "type": "paragraph",
    "value": "<p>This is a description.</p>\n"
  }
]